// Jest Snapshot v1, https://goo.gl/fbAQLP

exports[`BlurButton should render 1`] = `
<button
  onClick={[Function]}
  type="button"
/>
`;
