// Jest Snapshot v1, https://goo.gl/fbAQLP

exports[`BackButton renders 1`] = `
<Router
  history={
    Object {
      "action": "POP",
      "block": [Function],
      "createHref": [Function],
      "go": [Function],
      "goBack": [Function],
      "goForward": [Function],
      "listen": [Function],
      "location": Object {
        "hash": "",
        "pathname": "/",
        "search": "",
      },
      "push": [Function],
      "replace": [Function],
    }
  }
>
  <BackButton
    link="http://argu.co/"
  >
    Go back
  </BackButton>
</Router>
`;
