// Jest Snapshot v1, https://goo.gl/fbAQLP

exports[`Button should render 1`] = `
<button
  className="Button Button--default"
  data-test="Button-button"
  onClick={[Function]}
  type="button"
>
  <span
    className="Button__label"
  />
</button>
`;
